[wish.hktechnical.com/u/220104KR37BP/index.html]
[www.googletagmanager.com/gtag/js1536]
[backblue.gif]
[fade.gif]
[index.html]
[maxcdn.bootstrapcdn.com/bootstrap/4.3.1/css/bootstrap.min.css]
[cdnjs.cloudflare.com/ajax/libs/animate.css/3.5.2/animate.min.css]
[web.hktechnical.com/Wish/template/M-HKTWSM/mystyle.css]
[ajax.googleapis.com/ajax/libs/jquery/2.2.4/jquery.min.js]
[stackpath.bootstrapcdn.com/font-awesome/4.7.0/css/font-awesome.min.css]
[cdn.jsdelivr.net/npm/progressive-image.js/dist/progressive-image.css]
[cdn.jsdelivr.net/npm/progressive-image.js/dist/progressive-image.js]
[wish.hktechnical.com/cdn-cgi/challenge-platform/h/g/scripts/invisible.js]
[i.pinimg.com/originals/63/79/a4/6379a4c26532f3f09eb0868f0016c2a6.gif]
[i.hktechnical.com/WSM/Curtain/sunset.jpg]
[lh3.googleusercontent.com/-uL6Mg-bUl58/YQZpTIfAhRI/AAAAAAAAGb8/ZXNmjtZMv8UUtpWYvpsQiJdgzbtPBdGFQCLcBGAsYHQ/s200/udtotirleyi.png]
[1.bp.blogspot.com/-l0EVRb2fd3Q/WyNAg2N6m6I/AAAAAAAAAag/yA795u9GRJIf-DaE6-UCcWxL_bbdR5rXwCLcBGAs/s1600/Snow_falling1.gif]
[wish.hktechnical.com/cdn-cgi/scripts/7d0fa10a/cloudflare-static/rocket-loader.min.js]
[4.bp.blogspot.com/-Is6ne9EcWjk/T7UtQtsLGAI/AAAAAAAAGJ8/Pc2omc2F418/s1600/happybirthday-raindot.gif]
[web.hktechnical.com/img/Image Not Added.png]
[1.bp.blogspot.com/-tzKonv5iPhs/Xv2a_9UMEWI/AAAAAAAAD-g/fl69vQQ8lwAM62huf7FoS9doPkPUFr5ngCK4BGAsYHg/s320/photo6330286821254212106.jpg]
[dare4frnd.hktechnical.com/index.html]
[4.bp.blogspot.com/-_ZpU-nyCpMc/WyNC8YxwrfI/AAAAAAAAAaw/KXfG3ltVcsgu57_M4_Fa7dZEaRVu1EyGACLcBGAs/s1600/c.gif]
[i.hktechnical.com/WSM/Img/Diwali/satiya.png]
[lh3.googleusercontent.com/-SFq_O75iHOs/XW0vVnpkExI/AAAAAAAAAdc/pNAby12_TiEuhNLJu318ZAgTlF8XtphbACLcBGAs/h240/20190902_202815.png]
[i.hktechnical.com/WSM/Img/Birthday/bdaycap.png]
[i.hktechnical.com/WSM/Img/Birthday/yellow-red-pink-balloon.png]
[i.hktechnical.com/WSM/Img/Birthday/shinyred-balloon.png]
[i.hktechnical.com/WSM/Img/Birthday/Pink_Birthday_Cake.png]
[i.hktechnical.com/WSM/Img/Birthday/icons8-birthday-cake.png]
[i.hktechnical.com/WSM/Img/Birthday/balloons-png.png]
[i.hktechnical.com/WSM/Img/Birthday/balloon_PNG4961.png]
[i.hktechnical.com/WSM/Music/Birthday/Happy-Birthday-Someone-Special.mp3]
[web.hktechnical.com/Wish/template/M-HKTWSM/myscript.js]
[wish.hktechnical.com/u/220104KR37BP/index.html]
[static.cloudflareinsights.com/beacon.min.js/v652eace1692a40cfa3763df669d7439c1639079717194]
[maxcdn.bootstrapcdn.com/bootstrap/4.3.1/css/bootstrap.min.css]
[cdnjs.cloudflare.com/ajax/libs/animate.css/3.5.2/animate.min.css]
[fonts.gstatic.com/s/sofia/v9/8QIHdirahM3j_su5uI0.woff2]
[web.hktechnical.com/Wish/template/M-HKTWSM/mystyle.css]
[fonts.gstatic.com/s/handlee/v9/-F6xfjBsISg9aMakDmo.ttf]
[fonts.gstatic.com/s/kalam/v11/YA9Qr0Wd4kDdMtDqHQLL.ttf]
[fonts.gstatic.com/s/merienda/v9/gNMAW3x8Qoy5_mf8uWu-Fa-y.ttf]
[fonts.gstatic.com/s/pangolin/v6/cY9GfjGcW0FPpi-tWPfK.ttf]
[fonts.gstatic.com/s/patrickhand/v14/LDI1apSQOAYtSuYWp8ZhfYeMWQ.ttf]
[fonts.googleapis.com/css27b5f.css]
[fonts.gstatic.com/s/permanentmarker/v10/Fh4uPib9Iyv2ucM6pGQMWimMp004Hao.ttf]
[stackpath.bootstrapcdn.com/font-awesome/4.7.0/fonts/fontawesome-webfont3e6e.eot]
[stackpath.bootstrapcdn.com/font-awesome/4.7.0/fonts/fontawesome-webfont3e6e.woff2]
[stackpath.bootstrapcdn.com/font-awesome/4.7.0/fonts/fontawesome-webfontd41d.eot]
[stackpath.bootstrapcdn.com/font-awesome/4.7.0/fonts/fontawesome-webfont3e6e.woff]
[stackpath.bootstrapcdn.com/font-awesome/4.7.0/fonts/fontawesome-webfont3e6e.ttf]
[stackpath.bootstrapcdn.com/font-awesome/4.7.0/css/font-awesome.min.css]
[cdn.jsdelivr.net/npm/progressive-image.js/dist/progressive-image.css]
[stackpath.bootstrapcdn.com/font-awesome/4.7.0/fonts/fontawesome-webfont3e6e.svg]
[dare4frnd.hktechnical.com/cdn-cgi/apps/head/W1LCboOBIap2E3J0q74YikrldxI.js]
[www.googletagmanager.com/gtag/jsc2a9]
[dare4frnd.hktechnical.com/css/style.css]
[dare4frnd.hktechnical.com/css/customf9e3.css]
[dare4frnd.hktechnical.com/favicon/apple-icon-57x57.png]
[dare4frnd.hktechnical.com/favicon/apple-icon-60x60.png]
[dare4frnd.hktechnical.com/favicon/apple-icon-72x72.png]
[dare4frnd.hktechnical.com/favicon/apple-icon-76x76.png]
[dare4frnd.hktechnical.com/favicon/apple-icon-114x114.png]
[dare4frnd.hktechnical.com/favicon/apple-icon-120x120.png]
[dare4frnd.hktechnical.com/favicon/apple-icon-144x144.png]
[dare4frnd.hktechnical.com/favicon/apple-icon-152x152.png]
[dare4frnd.hktechnical.com/favicon/apple-icon-180x180.png]
[dare4frnd.hktechnical.com/favicon/android-icon-192x192.png]
[dare4frnd.hktechnical.com/favicon/favicon-32x32.png]
[dare4frnd.hktechnical.com/favicon/favicon-96x96.png]
[dare4frnd.hktechnical.com/favicon/favicon-16x16.png]
[dare4frnd.hktechnical.com/favicon/manifest.json]
[dare4frnd.hktechnical.com/cdn-cgi/challenge-platform/h/g/scripts/invisible.js]
[use.fontawesome.com/releases/v5.3.1/js/all.js]
[1.bp.blogspot.com/-vQcK9MHM6xw/Xt4O0xXINQI/AAAAAAAADyM/YDubYlzW4IoDt_YpQSDjWnJUJl1oN5ATACK4BGAsYHg/MyLogoArt20200608153727.png]
[dare4frnd.hktechnical.com/contact.html]
[dare4frnd.hktechnical.com/how-to.html]
[dare4frnd.hktechnical.com/img/educationtoday.png]
[dare4frnd.hktechnical.com/img/home.png]
[dare4frnd.hktechnical.com/start.html]
[dare4frnd.hktechnical.com/img/icons/instagram.svg]
[dare4frnd.hktechnical.com/img/icons/facebook.svg]
[dare4frnd.hktechnical.com/img/icons/twitter.svg]
[ajax.cloudflare.com/cdn-cgi/scripts/95c75768/cloudflare-static/rocket-loader.min.js]
[dare4frnd.hktechnical.com/index.html]
[dare4frnd.hktechnical.com/cdn-cgi/scripts/7d0fa10a/cloudflare-static/rocket-loader.min.js]
[wish.hktechnical.com/u/220104KR37BP/web.h/index.html]
[web.hktechnical.com/Wish/template/M-HKTWSM/myscript.js]
[wish.hktechnical.com/u/220104KR37BP/cal.c/index.html]
[stackpath.bootstrapcdn.com/font-awesome/4.7.0/fonts/fontawesome-webfont3e6e.svg]
[dare4frnd.hktechnical.com/css/style.css]
[dare4frnd.hktechnical.com/img/icons/li.4e.delayed]
[dare4frnd.hktechnical.com/css/customf9e3.css]
[dare4frnd.hktechnical.com/img/cont3860.png]
[dare4frnd.hktechnical.com/cdn-cgi/l/email-protection.html]
[dare4frnd.hktechnical.com/contact.html]
[dare4frnd.hktechnical.com/cdn-cgi/scripts/5c5dd728/cloudflare-static/email-decode.min.js]
[dare4frnd.hktechnical.com/how-to.html]
[dare4frnd.hktechnical.com/img/educationtoday.html]
[dare4frnd.hktechnical.com/start.html]
[dare4frnd.hktechnical.com/index-2.html]
[www.w3.org/1999/xlink.html]
[dare4frnd.hktechnical.com/img/icons/instagram.svg]
[dare4frnd.hktechnical.com/img/icons/facebook.svg]
[dare4frnd.hktechnical.com/img/icons/twitter.svg]
[wish.hktechnical.com/u/220104KR37BP/web.h/index.html]
[wish.hktechnical.com/u/220104KR37BP/cal.c/index.html]
[fonts.googleapis.com/css717c.css]
[dare4frnd.hktechnical.com/img/icons/li.html]
[dare4frnd.hktechnical.com/cdn-cgi/l/email-protection.html]
[fonts.gstatic.com/s/patrickhand/v14/LDI1apSQOAYtSuYWp8ZhfYe8XsLO.ttf]
[dare4frnd.hktechnical.com/index-2.html]
[www.w3.org/StyleSheets/TR/base.css]
[www.w3.org/index.html]
[www.w3.org/Icons/w3c_home.gif]
[www.w3.org/TR/xlink/index.html]
[www.w3.org/TR/REC-xml/index.html]
[www.w3.org/Help/Webmaster.html]
[www.w3.org/TR/REC-xml-names/index.html]
[www.w3.org/1999/xlink.html]
[www.w3.org/StyleSheets/TR/base.css]
[www.w3.org/2008/site/css/minimum.css]
[www.w3.org/Help/index.html]
[www.w3.org/2008/site/css/advanced.css]
[www.w3.org/2008/site/css/print.css]
[www.w3.org/2008/site/images/favicon.ico]
[www.w3.org/2008/site/js/testimonial.js]
[www.w3.org/blog/news/feed/atom]
[www.w3.org/2008/site/images/logo-w3c-mobile-lg.png]
[www.w3.org/Consortium/membership.html]
[www.w3.org/standards/index.html]
[www.w3.org/participate/index.html]
[www.w3.org/2008/site/images/search-button.png]
[www.w3.org/Consortium/index.html]
[www.w3.org/2008/site/images/logo-shadow.png]
[www.w3.org/Consortium/mission.html]
[www.w3.org/2008/site/images/header-link.gif]
[www.w3.org/2015/10/W3C-Developers_Assets/W3C-Developers-Dark.png]
[www.w3.org/Security/index.html]
[www.w3.org/International/index.html]
[www.w3.org/Privacy/index.html]
[www.w3.org/2020/07/w3c-api.png]
[www.w3.org/auto/index.html]
[www.w3.org/tv/index.html]
[www.w3.org/Payments/index.html]
[www.w3.org/Status.html]
[www.w3.org/2013/data/index.html]
[www.w3.org/Telco/index.html]
[www.w3.org/Consortium/cepc/index.html]
[www.w3.org/Help/Account/index.html]
[web-platform-tests.org/index.html]
[www.w3.org/2009/cheatsheet/index.html]
[www.edx.org/school/w3cx.html]
[validator.w3.org/index.html]
[www.w3.org/blog/news/archives/9373.html]
[www.w3.org/comm/assets/graphics/EOY/EOY2021_en.png]
[www.w3.org/blog/news/archives/9330.html]
[www.w3.org/comm/assets/icons/handshake.png]
[www.w3.org/Consortium/Recruitment/index.html]
[www.w3.org/blog/news/archives/9388.html]
[www.w3.org/groups/wg/css.html]
[www.w3.org/blog/news/archives/9383.html]
[www.w3.org/TR/2021/NOTE-css-2021-20211221/index.html]
[www.w3.org/TR/CSS/index.html]
[www.w3.org/TR/2021/WD-css-contain-3-20211221/index.html]
[www.w3.org/blog/news/archives/9391.html]
[www.w3.org/TR/css-contain-1/index.html]
[www.w3.org/TR/2021/WD-css-conditional-5-20211221/index.html]
[www.w3.org/TR/css-conditional-3/index.html]
[www.w3.org/groups/wg/webediting.html]
[www.w3.org/TR/2021/WD-css-cascade-6-20211221/index.html]
[www.w3.org/blog/news/archives/9377.html]
[www.w3.org/TR/2021/WD-edit-context-20211221/index.html]
[www.w3.org/blog/news/files/2017/12/w3c-tag-300x300.jpg]
[www.w3.org/2001/tag/index.html]
[www.w3.org/2021/11/16-tag-nominations.html]
[www.w3.org/blog/news/archives/9367.html]
[drafts.csswg.org/css-conditional-3/index.html]
[www.w3.org/groups/wg/webapps.html]
[www.w3.org/TR/2021/REC-html-aria-20211209/index.html]
[www.w3.org/blog/news/archives/9295.html]
[www.w3.org/TR/dpub-aria-1.0/index.html]
[www.w3.org/2021/10/TPAC/Overview.html]
[www.w3.org/comm/assets/icons/megaphone.png]
[www.w3.org/2021/10/w3c-highlights/Overview.html]
[www.w3.org/TR/wai-aria-1.1/index.html]
[www.w3.org/2008/site/images/icons/rss30.png]
[www.w3.org/2008/site/images/icons/atom30.png]
[www.w3.org/blog/news/feed]
[www.w3.org/2008/site/images/header-link-2.gif]
[www.w3.org/participate/eventscal.html]
[www.w3.org/2021/12/w3ceoy2021-anim.html]
[www.w3.org/Consortium/facts.87.delayed]
[www.w3.org/Consortium/mission-2.html]
[www.w3.org/support/index.html]
[www.w3.org/2020/12/still.jpg]
[www.w3.org/blog/2021/12/mow-complaints-about-w3c/index.html]
[www.w3.org/blog/2021/12/idpd/index.html]
[www.w3.org/Consortium/contact.html]
[www.w3.org/blog/2021/11/w3c-devrel-tpac21-debrief/index.html]
[www.w3.org/People/mcf/index.html]
[www.w3.org/Consortium/siteindex.html]
[www.w3.org/Consortium/sponsor/index.html]
[www.w3.org/WAI/videos/standards-and-benefits/index.html]
[lists.w3.org/Archives/Public/site-comments/index.html]
[twitter.com/W3C.html]
[www.w3.org/Consortium/Legal/2002/ipr-notice-20021231.html]
[www.csail.mit.edu/index.html]
[www.ercim.eu/index.html]
[www.w3.org/2008/site/js/main]
[www.w3.org/index.html]
[www.w3.org/StyleSheets/TR/W3C-REC.css]
[www.w3.org/XML/2010/xlink-11-errata.html]
[www.w3.org/TR/2010/REC-xlink11-20100506/index.html]
[www.w3.org/TR/xlink11/index.html]
[www.w3.org/TR/2010/PR-xlink11-20100225/index.html]
[www.w3.org/TR/2008/WD-xlink11-20080331/index.html]
[www.w3.org/TR/xlink/REC-xlink11-20100506.xml]
[www.w3.org/Consortium/Legal/2015/doc-license.html]
[www.w3.org/2005/10/Process-20051014/tr.html]
[www.w3.org/XML/Activity.html]
[www.w3.org/XML/Core/index.html]
[www.w3.org/XML/2006/01/xlink11-implementation.html]
[www.w3.org/XML/2006/03/xlink11-tests.html]
[www.w3.org/TR/2001/REC-xlink-20010627/index.html]
[www.w3.org/Consortium/Patent-Policy-20040205/index.html]
[www.w3.org/groups/wg/xml-core/ipr.html]
[www.w3.org/TR/CSS2/selector.html]
[www.w3.org/TR/xlink/extended-ool.gif]
[www.w3.org/TR/xlink/extended-inl.gif]
[www.w3.org/TR/xlink/extended-arcs.gif]
[www.w3.org/TR/xlink/simple.gif]
[www.ietf.org/rfc/rfc3023.txt]
[www.ietf.org/rfc/rfc3986.txt]
[www.ietf.org/rfc/rfc2119.txt]
[www.w3.org/TR/leiri/index.html]
[www.w3.org/TR/xmlbase/index.html]
[www.ietf.org/rfc/rfc3987.txt]
[www.w3.org/TR/xptr-element/index.html]
[www.w3.org/TR/xptr-framework/index.html]
[www.w3.org/TR/charmod/index.html]
[www.w3.org/TR/xlink10-ext/index.html]
[www.w3.org/TR/1999/REC-html401-19991224/index.html]
[www.w3.org/TR/xml-infoset/index.html]
[www.w3.org/TR/xinclude/index.html]
[www.w3.org/TR/1999/NOTE-xlink-req-19990224/index.html]
[www.w3.org/TR/xptr/index.html]
[www.w3.org/TR/rdf-primer/index.html]
[www.w3.org/TR/xmlschema-1/index.html]
[www.w3.org/XML/2008/06/xlink.xsd]
[www.w3.org/TR/CSS2/index.html]
[www.w3.org/TR/ruby/index.html]
[www.w3.org/1999/xlink.xsd]
[www.iso.org/standard/52348.html]
[www.w3.org/scripts/TR/fixup.js]
[www.w3.org/TR/xlink/index.html]
[www.w3.org/XML/xml-V10-5e-errata.html]
[www.w3.org/TR/2008/REC-xml-20081126/index.html]
[www.w3.org/TR/xml/index.html]
[www.w3.org/TR/2008/PER-xml-20080205/index.html]
[www.w3.org/TR/2006/REC-xml-20060816/index.html]
[www.w3.org/XML/xml-V10-4e-errata.html]
[www.w3.org/TR/REC-xml/REC-xml-20081126-review.html]
[www.w3.org/XML/2008/01/xml10-5e-implementation.html]
[www.w3.org/2002/08/xmlcore-IPR-statements.html]
[www.w3.org/XML/Test/index.html]
[www.w3.org/TR/REC-xml/REC-xml-20081126.xml]
[www.w3.org/TR/1998/REC-xml-19980210.html]
[www.iana.org/assignments/character-sets/character-sets.html]
[tools.ietf.org/html/rfc4646.c3.delayed]
[tools.ietf.org/html/rfc4646.c4.delayed]
[tools.ietf.org/html/rfc4647]
[tools.ietf.org/html/rfc4647]
[datatracker.ietf.org/doc/html/rfc4646.html]
[datatracker.ietf.org/doc/html/rfc4647.html]
[unicode.org/reports/tr15/index.html]
[www.w3.org/TR/NOTE-sgml-xml-971215/index.html]
[www.iso.org/home.html]
[www.ietf.org/rfc/rfc2141.txt]
[www.ietf.org/rfc/rfc2781.txt]
[www.iana.org/assignments/language-subtag-registry/language-subtag-registry]
[www.sgmlsource.com/8879/n0029.html]
[www.w3.org/TR/xml-names/index.html]
[www.w3.org/2002/xmlspec/dtd/2.10/xmlspec.dtd]
[www.w3.org/2002/xmlspec/xhtml/1.13/xmlspec.xsl]
[www.w3.org/2002/xmlspec/xhtml/1.13/diffspec.xsl]
[www.w3.org/TR/REC-xml/REC-xml.xsl]
[www.w3.org/TR/REC-xml/index.html]
[www.w3.org/XML/2009/xml-names-errata.html]
[www.w3.org/TR/2009/REC-xml-names-20091208/index.html]
[www.w3.org/TR/2006/REC-xml-names-20060816/index.html]
[www.w3.org/TR/2009/PER-xml-names-20090806/index.html]
[www.w3.org/TR/2009/REC-xml-names-20091208/xml-names-10-3e.xml]
[www.w3.org/TR/2009/REC-xml-names-20091208/xml-names-10-3e-diff.html]
[www.w3.org/XML/Activity-2.html]
[www.w3.org/XML/2002/12/xml-names11-implementation.html]
[www.rfc-editor.org/rfc/rfc2119.txt]
[www.rfc-editor.org/rfc/rfc2141.txt]
[www.rfc-editor.org/rfc/rfc3986.txt]
[www.rfc-editor.org/rfc/rfc3629.txt]
[www.w3.org/XML/2006/xml-names-errata.html]
[www.w3.org/2000/09/xppa.html]
[www.w3.org/TR/REC-xml-names/index.html]
[www.w3.org/Consortium/siteindex-2.html]
[www.w3.org/Mail/FAQ.html]
[www.w3.org/accounts/recover.html]
[www.w3.org/Help/about-redesign.html]
[www.w3.org/Mail/index.html]
[www.w3.org/Help/search.html]
[www.w3.org/Mail/FAQ-2.html]
[www.w3.org/Help/Webmaster.html]
[t.me/dare4frnd]
[www.w3.org/Consortium/facts-2.html]
[www.w3.org/Consortium/presskit.html]
[www.w3.org/Consortium/contact-2.html]
[www.w3.org/Help/Webmaster-2.html]
[status.w3.org/index.html]
[www.w3.org/Consortium/evangelists/index.html]
[www.w3.org/Consortium/fees.html]
[www.w3.org/Consortium/nmfunds/index.html]
[chapters.w3.org/directory/index.html]
[www.w3.org/History/1989/proposal.html]
[www.w3.org/People/Berners-Lee/index.html]
[www.w3.org/TR/webarch/index.html]
[www.w3.org/Consortium/Persistence.html]
[en.wikipedia.org/wiki/Internet.html]
[www.w3.org/Consortium/Legal/IPR-FAQ-20000620.html]
[www.w3.org/People/Berners-Lee/FAQ.html]
[www.w3.org/Consortium/Legal/logo-usage-20000308.html]
[www.w3.org/Consortium/membership-faq.html]
[www.w3.org/participate/faq.html]
[www.w3.org/2003/12/22-pp-faq.html]
[www.w3.org/standards/faq.html]
[validator.w3.org/docs/help.html]
[www.websitedev.de/css/validator-faq.html]
[www.w3.org/Amaya/User/FAQ.html]
[www.w3.org/Jigsaw/Doc/FAQ.html]
[www.w3.org/Help/index.html]
[www.w3.org/QA/WG/2005/01/test-faq.html]
[www.w3.org/2003/glossary/index.html]
[www.w3.org/2008/site/images/logo_member_mobile.png]
[www.w3.org/2008/site/images/logo_team_mobile.png]
[www.w3.org/2008/site/css/minimum.css]
[www.w3.org/2008/site/images/page/page_bkg.jpg]
[www.w3.org/2008/site/images/page/page_bkg_member.jpg]
[www.w3.org/2008/site/images/page/page_bkg_team.jpg]
[www.w3.org/2008/site/images/logo-w3c-screen-lg.png]
[www.w3.org/2008/site/images/logo-w3c-member-lg.png]
[www.w3.org/2008/site/images/logo-w3c-team-lg.png]
[www.w3.org/2008/site/images/search-bg.png]
[www.w3.org/2008/site/images/bct.png]
[www.w3.org/2008/site/images/bct-member.png]
[www.w3.org/2008/site/images/bct-team.png]
[www.w3.org/2008/site/images/skip.png]
[www.w3.org/2008/site/images/footer-shadow.png]
[www.w3.org/2008/site/images/category-bg-fold.png]
[www.w3.org/2008/site/images/category-bg-right.png]
[www.w3.org/2008/site/images/category-bg.png]
[www.w3.org/2008/site/images/theme-all.png]
[www.w3.org/2008/site/images/icon_sprite.png]
[www.w3.org/2008/site/images/icons/view-report.png]
[www.w3.org/2008/site/images/talks-bg-left.png]
[www.w3.org/2008/site/images/talks-bg-right.png]
[www.w3.org/2008/site/images/talks-bg.png]
[www.w3.org/2008/site/images/calendar-sprite.png]
[www.w3.org/2008/site/images/icons/messages_sprite.png]
[www.w3.org/2008/site/images/icons/sponsors_shape.png]
[www.w3.org/2008/site/images/icons/sponsors_sprite.png]
[www.w3.org/2008/site/images/icons/sponsors_sprite_small.png]
[www.w3.org/2008/site/images/icons/sponsors_folder.png]
[www.w3.org/2008/site/images/icons/sponsors_chair.png]
[www.w3.org/2008/site/images/icons/sponsors_calendar.png]
[www.w3.org/2008/site/images/icons/sponsors_globe.png]
[www.w3.org/2008/site/images/icons/sponsors_check.png]
[www.w3.org/2008/site/images/underline.png]
[www.w3.org/2008/site/css/advanced.css]
[www.w3.org/2008/site/css/realprint.css]
[www.w3.org/2008/site/images/icon_sprite-2.png]
[www.w3.org/Icons/WWW/w3c_home_nb.png]
[www.w3.org/2008/site/css/print.css]
[www.w3.org/TR/tr.xml]
[www.w3.org/2002/01/tr-automation/tr.rdf]
[www.w3.org/Consortium/membership-2.html]
[www.w3.org/standards/about.html]
[www.w3.org/standards/webdesign/index.html]
[www.w3.org/standards/webarch/index.html]
[www.w3.org/standards/webofdevices/index.html]
[www.w3.org/standards/semanticweb/index.html]
[www.w3.org/standards/faq-2.html]
[www.w3.org/standards/xml/index.html]
[www.w3.org/standards/webofservices/index.html]
[www.w3.org/2015/04/w3cx-home.png]
[www.w3.org/standards/agents/index.html]
[open-stand.org/wp-content/uploads/2012/08/128x128-blue2.png]
[www.w3.org/2002/03/tutorials.html]
[www.w3.org/standards/index.html]
[www.w3.org/participate/meetings.html]
[w3c.github.io/spec-releases/milestones/index.html]
[www.w3.org/2003/08/Workshops/index.html]
[www.w3.org/participate/discussion.html]
[www.w3.org/participate/otherevents/index.html]
[www.w3.org/2002/03/tutorials-2.html]
[www.w3.org/News/Public/index.html]
[www.w3.org/participate/review.html]
[www.w3.org/participate/podcastsvideo.html]
[www.w3.org/participate/review-2.html]
[www.youtube.com/watch193e.html]
[www.w3.org/participate/implementation.html]
[www.w3.org/participate/implementation-2.html]
[www.w3.org/participate/promote.html]
[github.com/w3c/strategy/projects/2.html]
[www.w3.org/participate/promote-2.html]
[www.w3.org/2001/11/StdLiaison.html]
[www.w3.org/2001/11/StdLiaison-2.html]
[www.w3.org/participate/eu-research.html]
[www.w3.org/participate/faq-2.html]
[www.w3.org/participate/members.html]
[www.w3.org/participate/invited-experts/index.html]
[www.w3.org/accounts/request.html]
[www.w3.org/participate/index.html]
[www.w3.org/Consortium/membership-benefits.html]
[www.w3.org/Consortium/join.html]
[www.w3.org/Submission/index.html]
[www.w3.org/Consortium/Member/List.html]
[www.w3.org/Consortium/fee-history.html]
[www.w3.org/Consortium/membership-faq-2.html]
[www.w3.org/2011/11/w3c_video.html]
[www.w3.org/2011/11/w3c_play.png]
[www.w3.org/Consortium/membership.html]
[www.w3.org/Press/index.html]
[www.w3.org/People/Jeff/index.html]
[www.w3.org/Press/Articles.html]
[www.w3.org/Consortium/presskit-2.html]
[www.w3.org/Consortium/sponsor/org.html]
[www.w3.org/Consortium/sponsor/events.html]
[www.w3.org/Consortium/sponsor/webforall.html]
[www.w3.org/Consortium/sponsor/developer.html]
[www.w3.org/Consortium/Recruitment/Fellows.html]
[www.w3.org/blog/wp-content/uploads/2017/12/still.jpg]
[www.w3.org/2014/10/stdvidthumb.png]
[www.w3.org/Consortium/index.html]
[www.w3.org/standards/agents/Overview.html]
[www.w3.org/Mobile/index.html]
[vimeo.com/110256895.html]
[www.w3.org/standards/xml/security.html]
[www.w3.org/standards/webdesign/privacy.html]
[www.w3.org/Consortium/mission.html]
[www.w3.org/WAI/index.html]
[www.w3.org/2005/06/blog/skins/i18n/custom.css]
[w3c.github.io/wai-website/index.html]
[www.w3.org/International/javascript/expand-collapse-content.js]
[www.w3.org/blog/International/feed/index.html]
[www.w3.org/blog/International/comments/feed/index.html]
[www.w3.org/blog/International/wp-includes/css/dist/block-library/style.min4999.css]
[www.w3.org/blog/International/wp-includes/js/jquery/jquery.min9d52.js]
[www.w3.org/blog/International/wp-includes/js/jquery/jquery-migrate.mind617.js]
[www.w3.org/blog/International/xmlrpc0db0.php]
[www.w3.org/blog/International/wp-json/index.html]
[www.w3.org/blog/International/wp-includes/wlwmanifest.xml]
[www.w3.org/International/log/description.html]
[www.w3.org/International/icons/rss.gif]
[www.w3.org/International/i18n-drafts/nav/learn.html]
[www.w3.org/International/i18n-drafts/nav/find.html]
[www.w3.org/International/i18n-drafts/nav/ask.html]
[www.w3.org/International/i18n-drafts/nav/follow.html]
[www.w3.org/International/i18n-drafts/nav/participate.html]
[www.w3.org/International/i18n-drafts/nav/about.html]
[www.w3.org/International/icons/right.gif]
[w3c.github.io/afrlreq/home.html]
[w3c.github.io/amlreq/home.html]
[w3c.github.io/alreq/home.html]
[w3c.github.io/clreq/home.html]
[w3c.github.io/elreq/home.html]
[w3c.github.io/eurlreq/home.html]
[w3c.github.io/hlreq/home.html]
[w3c.github.io/iip/home.html]
[w3c.github.io/jlreq/home.html]
[w3c.github.io/mlreq/home.html]
[w3c.github.io/sealreq/home.html]
[w3c.github.io/tlreq/home.html]
[www.w3.org/International/participate.html]
[www.w3.org/International/sponsorship/index.html]
[www.w3.org/International/2004/06/translation.html]
[www.w3.org/International/icons/sponsor_logos/apl.png]
[www.w3.org/blog/International/category/afrlreq/index.html]
[www.w3.org/blog/International/category/alreq/index.html]
[www.w3.org/blog/International/category/amlreq/index.html]
[www.w3.org/International/icons/sponsor_logos/tpg-logo.1a1.delayed]
[www.w3.org/International/icons/sponsor_logos/monotype_logo.png]
[www.w3.org/blog/International/category/x/announcements/index.html]
[www.w3.org/blog/International/category/x/articles/index.html]
[www.w3.org/blog/International/category/clreq/index.html]
[www.w3.org/blog/International/category/elreq/index.html]
[www.w3.org/blog/International/category/x/css/index.html]
[www.w3.org/blog/International/category/eurlreq/index.html]
[www.w3.org/blog/International/category/x/feedback-request/index.html]
[www.alibabagroup.com/en/global/home.html]
[www.w3.org/blog/International/category/for-review/index.html]
[www.w3.org/blog/International/category/x/highlight/index.html]
[www.w3.org/International/icons/sponsor_logos/alibaba-logo.png]
[www.w3.org/blog/International/category/hlreq/index.html]
[www.w3.org/blog/International/category/ilreq/index.html]
[www.w3.org/blog/International/category/jlreq/index.html]
[www.w3.org/blog/International/category/klreq/index.html]
[www.w3.org/blog/International/wp-login.html]
[www.w3.org/blog/International/category/mlreq/index.html]
[www.w3.org/blog/International/category/x/miscellaneous/index.html]
[www.w3.org/International/logos/mlw-notext-500-white.png]
[www.w3.org/blog/International/category/x/mlw-2/index.html]
[www.w3.org/blog/International/category/x/new-draft/index.html]
[www.w3.org/blog/International/category/new-resource/index.html]
[www.w3.org/blog/International/category/x/multilingweb/index.html]
[www.w3.org/blog/International/category/x/webi18n/index.html]
[www.w3.org/blog/International/category/sealreq/index.html]
[www.w3.org/blog/International/category/x/spec-review/index.html]
[www.w3.org/International/i18n-drafts/nav/languagedev.html]
[www.w3.org/blog/International/category/x/talks/index.html]
[www.w3.org/blog/International/category/x/test/index.html]
[www.w3.org/blog/International/category/tlreq/index.html]
[www.w3.org/blog/International/category/translation/index.html]
[www.w3.org/blog/International/category/x/tutorials/index.html]
[www.w3.org/blog/International/category/uncategorized/index.html]
[www.w3.org/blog/International/category/x/unicode-2/index.html]
[www.w3.org/International/typography/gap-analysis/language-matrix.html]
[www.w3.org/blog/International/category/x/upcoming/index.html]
[www.w3.org/blog/International/category/update/index.html]
[www.w3.org/blog/International/category/x/w3csemanticweb/index.html]
[github.com/w3c/i18n-activity/projects/3.html]
[www.w3.org/blog/International/category/x/w3cwebarchitecture/index.html]
[www.w3.org/blog/International/category/x/w3cwebdesign/index.html]
[www.w3.org/blog/International/category/x/w3cwebofdevices/index.html]
[www.w3.org/blog/International/category/x/w3cwebservices/index.html]
[www.w3.org/blog/International/category/x/w3cwebuseragents/index.html]
[www.w3.org/blog/International/category/x/w3cxmlcore/index.html]
[www.w3.org/International/i18n-drafts/pages/languagedev_participation.html]
[www.w3.org/blog/International/category/x/index.html]
[www.w3.org/blog/International/2021/08/index.html]
[www.w3.org/blog/International/2021/07/index.html]
[www.w3.org/blog/International/2021/06/index.html]
[www.w3.org/blog/International/2021/05/index.html]
[www.w3.org/blog/International/2021/03/index.html]
[www.w3.org/blog/International/2021/02/index.html]
[www.w3.org/International/i18n-drafts/nav/specdev.html]
[www.w3.org/blog/International/2020/10/index.html]
[www.w3.org/blog/International/2020/07/index.html]
[www.w3.org/blog/International/2020/08/index.html]
[www.w3.org/blog/International/2020/09/index.html]
[www.w3.org/blog/International/2020/06/index.html]
[www.w3.org/blog/International/2019/08/index.html]
[www.w3.org/blog/International/2020/02/index.html]
[www.w3.org/blog/International/2019/07/index.html]
[www.w3.org/International/i18n-drafts/techniques/shortchecklist.html]
[www.w3.org/blog/International/2019/04/index.html]
[www.w3.org/blog/International/2019/03/index.html]
[www.w3.org/blog/International/2019/02/index.html]
[www.w3.org/blog/International/2019/01/index.html]
[www.w3.org/blog/International/2018/08/index.html]
[www.w3.org/blog/International/2018/07/index.html]
[github.com/w3c/i18n-request/projects/1.html]
[www.w3.org/blog/International/2018/06/index.html]
[www.w3.org/blog/International/2018/05/index.html]
[www.w3.org/blog/International/2018/04/index.html]
[www.w3.org/blog/International/2018/02/index.html]
[www.w3.org/blog/International/2017/12/index.html]
[www.w3.org/blog/International/2017/08/index.html]
[www.w3.org/blog/International/2017/06/index.html]
[www.w3.org/blog/International/2017/04/index.html]
[www.w3.org/blog/International/2017/03/index.html]
[www.w3.org/blog/International/2017/02/index.html]
[github.com/w3c/i18n-activity/issues.html]
[www.w3.org/blog/International/2016/12/index.html]
[www.w3.org/blog/International/2016/11/index.html]
[www.w3.org/blog/International/2016/09/index.html]
[www.w3.org/blog/International/2016/07/index.html]
[www.w3.org/International/i18n-activity/guidelines/review-instructions.html]
[www.w3.org/blog/International/2016/06/index.html]
[www.w3.org/blog/International/2016/05/index.html]
[www.w3.org/blog/International/2016/03/index.html]
[www.w3.org/blog/International/2016/02/index.html]
[www.w3.org/blog/International/2016/01/index.html]
[www.w3.org/blog/International/2015/11/index.html]
[www.w3.org/blog/International/2015/10/index.html]
[www.w3.org/International/i18n-drafts/nav/contentdev.html]
[www.w3.org/blog/International/2015/09/index.html]
[www.w3.org/blog/International/2015/07/index.html]
[www.w3.org/blog/International/2015/06/index.html]
[www.w3.org/blog/International/2015/05/index.html]
[www.w3.org/blog/International/2015/04/index.html]
[www.w3.org/blog/International/2015/03/index.html]
[www.w3.org/blog/International/2015/02/index.html]
[www.w3.org/International/techniques/authoring-html.html]
[www.w3.org/blog/International/2015/01/index.html]
[www.w3.org/blog/International/2014/11/index.html]
[www.w3.org/blog/International/2014/12/index.html]
[www.w3.org/blog/International/2014/09/index.html]
[www.w3.org/International/articlelist.html]
[www.w3.org/blog/International/2014/08/index.html]
[www.w3.org/blog/International/2014/07/index.html]
[www.w3.org/blog/International/2014/06/index.html]
[www.w3.org/blog/International/2014/05/index.html]
[www.w3.org/blog/International/2014/04/index.html]
[www.w3.org/blog/International/2014/03/index.html]
[www.w3.org/blog/International/2014/02/index.html]
[www.w3.org/blog/International/2014/01/index.html]
[www.w3.org/blog/International/2013/12/index.html]
[www.w3.org/blog/International/2013/09/index.html]
[www.w3.org/blog/International/2013/10/index.html]
[www.w3.org/blog/International/2013/08/index.html]
[twitter.com/webi18n.html]
[www.w3.org/blog/International/2013/07/index.html]
[www.w3.org/blog/International/2013/06/index.html]
[www.w3.org/blog/International/2013/05/index.html]
[www.w3.org/International/icons/twitter-bird.png]
[www.w3.org/blog/International/2013/04/index.html]
[www.w3.org/blog/International/2013/03/index.html]
[www.w3.org/blog/International/2013/02/index.html]
[www.w3.org/blog/International/2013/01/index.html]
[www.w3.org/International/articles/typography/justification.html]
[www.w3.org/blog/International/2012/12/index.html]
[www.w3.org/blog/International/2012/11/index.html]
[www.w3.org/blog/International/2012/10/index.html]
[www.w3.org/International/questions/qa-html-language-declarations.html]
[www.w3.org/blog/International/2012/09/index.html]
[www.w3.org/blog/International/2012/08/index.html]
[www.w3.org/blog/International/2012/07/index.html]
[www.w3.org/blog/International/2012/06/index.html]
[www.w3.org/International/questions/qa-html-dir.html]
[www.w3.org/blog/International/2012/05/index.html]
[www.w3.org/blog/International/2012/04/index.html]
[www.w3.org/blog/International/2012/03/index.html]
[www.w3.org/blog/International/2012/02/index.html]
[www.w3.org/International/articles/inline-bidi-markup/bidi_examples.html]
[www.w3.org/blog/International/2012/01/index.html]
[www.w3.org/blog/International/2011/12/index.html]
[www.w3.org/blog/International/2011/11/index.html]
[www.w3.org/blog/International/2011/10/index.html]
[www.w3.org/blog/International/2011/09/index.html]
[github.com/login9483.html]
[www.w3.org/blog/International/2011/08/index.html]
[w3c.github.io/i18n-drafts/questions/qa-html-dir.html]
[www.w3.org/blog/International/2011/07/index.html]
[www.w3.org/blog/International/2011/06/index.html]
[www.w3.org/blog/International/2011/05/index.html]
[www.w3.org/blog/International/2011/04/index.html]
[www.w3.org/blog/International/2011/03/index.html]
[github.com/login5ac1.html]
[www.w3.org/blog/International/2011/02/index.html]
[www.w3.org/blog/International/2011/01/index.html]
[www.w3.org/blog/International/2010/12/index.html]
[www.w3.org/International/questions/qa-direction-from-language.html]
[www.w3.org/blog/International/2010/11/index.html]
[www.w3.org/blog/International/2010/10/index.html]
[www.w3.org/blog/International/2010/09/index.html]
[www.w3.org/blog/International/2010/08/index.html]
[www.w3.org/blog/International/2010/07/index.html]
[github.com/login47a0.html]
[www.w3.org/blog/International/2010/06/index.html]
[www.w3.org/blog/International/2010/05/index.html]
[www.w3.org/blog/International/2010/04/index.html]
[www.w3.org/blog/International/2010/03/index.html]
[www.w3.org/blog/International/2010/02/index.html]
[github.com/loginfe86.html]
[www.w3.org/International/icons/open-thin.gif]
[www.w3.org/blog/International/2010/01/index.html]
[www.w3.org/International/icons/close-thin.gif]
[www.w3.org/blog/International/2009/12/index.html]
[www.w3.org/blog/International/2009/11/index.html]
[www.w3.org/blog/International/2009/10/index.html]
[www.w3.org/analytics/piwik/js/index3560.gif]
[www.w3.org/blog/International/2009/09/index.html]
[www.w3.org/blog/International/2009/08/index.html]
[www.w3.org/blog/International/2009/07/index.html]
[www.w3.org/blog/International/2009/06/index.html]
[www.w3.org/blog/International/2009/05/index.html]
[www.w3.org/blog/International/2009/04/index.html]
[www.w3.org/International/index.html]
[www.w3.org/blog/International/wp-includes/js/wp-embed.min4999.js]
[www.w3.org/blog/International/2009/03/index.html]
[www.w3.org/blog/International/2009/01/index.html]
[www.w3.org/tv/css/tv.css]
[www.w3.org/blog/International/2008/12/index.html]
[www.w3.org/blog/International/2008/11/index.html]
[www.w3.org/blog/International/2008/09/index.html]
[www.w3.org/blog/International/2008/08/index.html]
[www.w3.org/blog/International/2008/07/index.html]
[www.w3.org/blog/International/2008/06/index.html]
[www.w3.org/blog/International/2008/05/index.html]
[www.w3.org/blog/International/2008/04/index.html]
[www.w3.org/blog/International/2008/03/index.html]
[www.w3.org/blog/International/2008/02/index.html]
[www.w3.org/blog/International/2008/01/index.html]
[www.w3.org/blog/International/2007/12/index.html]
[www.w3.org/blog/International/2007/11/index.html]
[www.w3.org/blog/International/2007/10/index.html]
[www.w3.org/blog/International/2007/09/index.html]
[www.w3.org/blog/International/2007/08/index.html]
[www.w3.org/blog/International/2007/07/index.html]
[www.w3.org/blog/International/2007/05/index.html]
[www.w3.org/blog/International/2007/06/index.html]
[www.w3.org/blog/International/2007/04/index.html]
[www.w3.org/blog/International/2007/03/index.html]
[www.w3.org/blog/International/2007/02/index.html]
[www.w3.org/blog/International/2006/12/index.html]
[www.w3.org/Security/index.html]
[www.w3.org/Privacy/index.html]
[www.w3.org/auto/index.html]
[www.w3.org/tv/index.html]
[www.w3.org/publishing/index.html]
[www.w3.org/Payments/index.html]
[www.w3.org/2013/data/index.html]
[www.w3.org/Telco/index.html]
[www.w3.org/WoT/index.html]
[www.w3.org/groups/index.html]
[www.w3.org/Consortium/cepc/index.html]
[www.w3.org/Guide/index.html]
[www.w3.org/community/groups/index.html]
[www.w3.org/Help/Account/index.html]
[www.w3.org/developers/index.html]
[www.w3.org/api/index.html]
[validator.w3.org/index.html]
[www.w3.org/2009/cheatsheet/index.html]
[www.w3.org/Status.html]
[web-platform-tests.org/index.html]
[www.edx.org/school/w3cx.html]
[www.w3.org/blog/news/archives/9373.html]
[www.w3.org/blog/International/2006/11/index.html]
[www.w3.org/blog/International/2006/10/index.html]
[www.w3.org/blog/International/2006/09/index.html]
